// Jest Snapshot v1, https://goo.gl/fbAQLP

exports[`Popup component Is rendered 1`] = `
<div
  className="popup help"
>
  <div>
    <h2
      aria-label="Secret Spreadsheet widget instructions. Cells of this spreadsheet have been intentionally hidden. Navigate the spreadsheet and input the hidden data until all cells have been filled. Capitalization and punctuation must be precise to match correctly. Navigate the table cells individually using your screen reader's dedicated key bindings, or use the Tab key to move between blank cells."
      tabIndex="0"
    >
      Secret Spreadsheet - How it works:
    </h2>
    <div>
      <img
        alt="Secret Spreadsheet Instructions"
        src="assets/img/helper-pic.svg"
      />
      <p>
        Cells of this spreadsheet have been 
        <strong>
          intentionally hidden.
        </strong>
      </p>
      <p>
        Input the hidden data correctly 
        <strong>
          (capitalization matters!)
        </strong>
         to restore the spreadsheet.
      </p>
    </div>
    <button
      onClick={[MockFunction]}
      tabIndex="0"
      type="button"
      value="Got it!"
    >
      Got it!
    </button>
  </div>
</div>
`;
